2026-01-20 12:40:01.123 [main] INFO  AppStarter - Starting OrderServiceApplication v2.4.0 on localhost
2026-01-20 12:40:01.125 [main] INFO  AppStarter - No active profile set, falling back to default profiles: default
2026-01-20 12:40:02.450 [main] INFO  DatabaseConfig - Connecting to database at jdbc:postgresql://db-cluster-prod:5432/orders_db
2026-01-20 12:40:03.882 [main] INFO  DatabaseConfig - Database connection established. HikariPool-1 status: ACTIVE
2026-01-20 12:40:04.100 [main] INFO  AppStarter - Started OrderServiceApplication in 3.5 seconds (JVM running for 4.2)
2026-01-20 12:40:10.001 [http-nio-8080-exec-1] INFO  UserController - Received login request for user: nguyen_van_a
2026-01-20 12:40:10.050 [http-nio-8080-exec-1] DEBUG UserAuthService - Validating credentials against LDAP provider...
2026-01-20 12:40:10.420 [http-nio-8080-exec-1] INFO  UserAuthService - User 'nguyen_van_a' logged in successfully. JWT issued.
2026-01-20 12:40:15.210 [http-nio-8080-exec-2] INFO  OrderController - Creating new order for user: nguyen_van_a, items: [SKU-102, SKU-504]
2026-01-20 12:40:15.215 [http-nio-8080-exec-2] DEBUG InventoryService - Checking stock for SKU-102: Available=50
2026-01-20 12:40:15.218 [http-nio-8080-exec-2] DEBUG InventoryService - Checking stock for SKU-504: Available=12
2026-01-20 12:40:15.450 [http-nio-8080-exec-2] INFO  PaymentProcessor - Initiating payment via Gateway: VNPay
2026-01-20 12:40:16.120 [http-nio-8080-exec-2] WARN  PaymentProcessor - Payment gateway response delayed (1670ms). Retrying...
2026-01-20 12:40:18.300 [http-nio-8080-exec-2] INFO  PaymentProcessor - Payment confirmed. TransactionID: TXN-99881122
2026-01-20 12:40:18.500 [http-nio-8080-exec-2] INFO  OrderController - Order #ORD-5542 created successfully.
2026-01-20 12:41:02.005 [http-nio-8080-exec-3] INFO  UserController - Received login request for user: le_thi_b
2026-01-20 12:41:02.100 [http-nio-8080-exec-3] WARN  UserAuthService - Failed login attempt for user 'le_thi_b': Incorrect password.
2026-01-20 12:42:45.880 [http-nio-8080-exec-4] ERROR OrderController - Unexpected error while fetching order history for user: nguyen_van_a
java.lang.NullPointerException: Cannot invoke "java.util.List.size()" because "history" is null
    at com.example.service.OrderService.getHistory(OrderService.java:142)
    at com.example.controller.OrderController.listOrders(OrderController.java:56)
    at java.base/jdk.internal.reflect.NativeMethodAccessorImpl.invoke0(Native Method)
    at java.base/jdk.internal.reflect.NativeMethodAccessorImpl.invoke(NativeMethodAccessorImpl.java:77)
2026-01-20 12:43:00.000 [scheduling-1] DEBUG CleanupTask - Running scheduled task: Clean expired sessions
2026-01-20 12:43:00.050 [scheduling-1] INFO  CleanupTask - Removed 14 expired sessions from memory.
2026-01-20 12:44:12.110 [http-nio-8080-exec-5] INFO  ProductService - Searching products with keyword: 'Laptop Gaming'
2026-01-20 12:44:12.150 [http-nio-8080-exec-5] DEBUG SearchEngine - ElasticSearch query: {"query":{"match":{"name":"Laptop Gaming"}}}
2026-01-20 12:44:12.300 [http-nio-8080-exec-5] INFO  SearchEngine - Found 24 results in 150ms.
2026-01-20 12:45:55.600 [http-nio-8080-exec-6] INFO  OrderController - Creating new order for user: tran_van_c, items: [SKU-888]
2026-01-20 12:45:55.610 [http-nio-8080-exec-6] WARN  InventoryService - Low stock warning for SKU-888: Remaining=2
2026-01-20 12:45:56.200 [http-nio-8080-exec-6] INFO  PaymentProcessor - Initiating payment via Gateway: MoMo
2026-01-20 12:45:57.100 [http-nio-8080-exec-6] INFO  PaymentProcessor - Payment confirmed. TransactionID: TXN-55443322
2026-01-20 12:45:57.300 [http-nio-8080-exec-6] INFO  OrderController - Order #ORD-5543 created successfully.
2026-01-20 12:46:20.440 [http-nio-8080-exec-7] ERROR DatabaseConfig - Connection pool is full! Current size: 20/20.
2026-01-20 12:46:21.000 [http-nio-8080-exec-8] WARN  OrderController - Request timeout while waiting for database connection.
2026-01-20 12:47:10.005 [main] INFO  AppStarter - Service health check: UP (Disk: 85%, Mem: 42%)
2026-01-20 12:48:05.112 [http-nio-8080-exec-9] INFO  UserController - User 'admin' accessed System Settings.
2026-01-20 12:48:05.115 [http-nio-8080-exec-9] DEBUG SecurityAudit - Access granted to resource: /api/v1/settings
2026-01-20 12:49:15.000 [scheduling-2] INFO  ReportGenerator - Starting daily sales report generation...
2026-01-20 12:49:18.450 [scheduling-2] INFO  ReportGenerator - Report generated: /exports/reports/sales_20260120.pdf
2026-01-20 12:50:00.100 [http-nio-8080-exec-10] INFO  OrderController - Received cancellation request for Order #ORD-5542
2026-01-20 12:50:00.150 [http-nio-8080-exec-10] DEBUG OrderService - Reverting stock for SKU-102, SKU-504
2026-01-20 12:50:00.200 [http-nio-8080-exec-10] INFO  OrderController - Order #ORD-5542 cancelled. Refund initiated.
2026-01-20 12:51:10.550 [http-nio-8080-exec-11] INFO  ProductService - Searching products with keyword: 'Keyboard Mechanical'
2026-01-20 12:51:10.555 [http-nio-8080-exec-11] DEBUG SearchEngine - ElasticSearch query: {"query":{"match":{"name":"Keyboard Mechanical"}}}
2026-01-20 12:51:10.700 [http-nio-8080-exec-11] INFO  SearchEngine - Found 12 results in 145ms.
2026-01-20 12:52:25.880 [http-nio-8080-exec-12] ERROR OrderController - Database error occurred.
org.postgresql.util.PSQLException: FATAL: terminating connection due to administrator command
    at org.postgresql.core.v3.QueryExecutorImpl.receiveErrorResponse(QueryExecutorImpl.java:2553)
    at org.postgresql.core.v3.QueryExecutorImpl.processResults(QueryExecutorImpl.java:2285)
    at org.postgresql.core.v3.QueryExecutorImpl.execute(QueryExecutorImpl.java:323)
2026-01-20 12:52:26.100 [http-nio-8080-exec-12] WARN  DatabaseConfig - Attempting to reconnect to database... (Attempt 1/5)
2026-01-20 12:52:27.500 [http-nio-8080-exec-12] INFO  DatabaseConfig - Reconnection successful.
2026-01-20 12:53:40.001 [http-nio-8080-exec-13] INFO  UserController - Received login request for user: hoang_van_d
2026-01-20 12:53:40.420 [http-nio-8080-exec-13] INFO  UserAuthService - User 'hoang_van_d' logged in successfully.
2026-01-20 12:54:15.210 [http-nio-8080-exec-14] INFO  OrderController - Creating new order for user: hoang_van_d, items: [SKU-333]
2026-01-20 12:54:16.450 [http-nio-8080-exec-14] INFO  PaymentProcessor - Initiating payment via Gateway: Stripe
2026-01-20 12:54:17.300 [http-nio-8080-exec-14] INFO  PaymentProcessor - Payment confirmed. TransactionID: ST-887766
2026-01-20 12:54:17.500 [http-nio-8080-exec-14] INFO  OrderController - Order #ORD-5544 created successfully.
2026-01-20 12:55:00.000 [scheduling-1] DEBUG CleanupTask - Running scheduled task: Clean expired sessions
2026-01-20 12:55:00.010 [scheduling-1] INFO  CleanupTask - Removed 2 expired sessions from memory.
2026-01-20 12:56:10.110 [http-nio-8080-exec-15] INFO  ProductService - Searching products with keyword: 'Monitor 4K'
2026-01-20 12:56:10.200 [http-nio-8080-exec-15] INFO  SearchEngine - Found 8 results in 90ms.
2026-01-20 12:57:45.000 [main] INFO  AppStarter - Memory usage check: 1.2GB/4GB
2026-01-20 12:58:20.440 [http-nio-8080-exec-16] WARN  InventoryService - SKU-202 is out of stock. Notify supplier triggered.
2026-01-20 12:59:05.112 [http-nio-8080-exec-17] INFO  UserController - User 'nguyen_van_a' updated profile information.
2026-01-20 13:00:00.001 [main] INFO  AppStarter - System Uptime: 20 minutes. Status: STABLE.
2026-01-20 13:01:10.220 [http-nio-8080-exec-18] INFO  ProductService - Fetching product details for SKU-999
2026-01-20 13:01:10.250 [http-nio-8080-exec-18] DEBUG RedisCache - Cache miss for key: product:SKU-999. Fetching from DB...
2026-01-20 13:01:10.400 [http-nio-8080-exec-18] DEBUG RedisCache - Pushing data to cache for key: product:SKU-999 (TTL 3600s)
2026-01-20 13:05:00.000 [scheduling-3] INFO  NotificationService - Starting batch: Send pending email notifications.
2026-01-20 13:05:02.150 [scheduling-3] INFO  NotificationService - Successfully sent 45 emails. Failed: 0.
2026-01-20 13:10:45.110 [http-nio-8080-exec-19] WARN  SecurityAudit - Potential Brute Force detected! IP: 192.168.1.55, User: 'admin'
2026-01-20 13:10:45.112 [http-nio-8080-exec-19] WARN  SecurityAudit - Account 'admin' locked for 15 minutes due to 5 failed attempts.
2026-01-20 13:12:00.500 [http-nio-8080-exec-20] INFO  CartController - User 'tran_van_c' added SKU-102 to cart.
2026-01-20 13:15:22.000 [KafkaConsumer-Thread-1] INFO  StockConsumer - Received stock update message from Topic: inventory-updates
2026-01-20 13:15:22.050 [KafkaConsumer-Thread-1] DEBUG StockConsumer - Processing message: {"sku": "SKU-102", "change": -1, "reason": "SALE"}
2026-01-20 13:15:22.100 [KafkaConsumer-Thread-1] INFO  StockConsumer - Inventory updated for SKU-102. New balance: 49.
2026-01-20 13:20:00.880 [http-nio-8080-exec-21] ERROR ExternalIntegration - Failed to call Shipping-Service via FeignClient.
feign.RetryableException: Connection refused (Connection refused) executing POST http://shipping-service/api/v1/shipments
    at feign.FeignException.errorExecuting(FeignException.java:249)
    at feign.SynchronousMethodHandler.executeAndDecode(SynchronousMethodHandler.java:129)
    at feign.ReflectiveFeign$FeignInvocationHandler.invoke(ReflectiveFeign.java:103)
2026-01-20 13:20:01.000 [http-nio-8080-exec-21] WARN  CircuitBreaker - Circuit Breaker 'shippingServiceCB' is now OPEN.
2026-01-20 13:25:30.120 [http-nio-8080-exec-22] INFO  OrderController - Requesting refund for Order #ORD-5542
2026-01-20 13:25:31.500 [http-nio-8080-exec-22] INFO  PaymentProcessor - Refund processed via VNPay. Amount: 1,500,000 VND.
2026-01-20 13:30:00.001 [main] INFO  AppStarter - Running health check for external dependencies...
2026-01-20 13:30:00.050 [main] INFO  AppStarter - Redis: OK, PostgreSQL: OK, Kafka: OK, ElasticSearch: OK.
2026-01-20 13:35:12.440 [http-nio-8080-exec-23] DEBUG UserAuthService - Validating session token for user: hoang_van_d
2026-01-20 13:35:12.450 [http-nio-8080-exec-23] INFO  UserController - Profile viewed by user: hoang_van_d
2026-01-20 13:40:55.900 [http-nio-8080-exec-24] ERROR DatabaseConfig - Query timeout exceeded! SQL: SELECT * FROM transaction_logs WHERE status = 'PENDING'
2026-01-20 13:40:56.000 [http-nio-8080-exec-24] WARN  PerformanceInterceptor - Execution took 5021ms which exceeds threshold (2000ms)
2026-01-20 13:45:00.000 [scheduling-1] DEBUG CleanupTask - Running scheduled task: Archive old logs
2026-01-20 13:45:05.300 [scheduling-1] INFO  CleanupTask - Archived 1.2GB of logs to /storage/archive/2026-01-19/
2026-01-20 13:50:20.110 [http-nio-8080-exec-25] INFO  ProductService - Searching products with keyword: 'Sony WH-1000XM5'
2026-01-20 13:50:20.200 [http-nio-8080-exec-25] INFO  SearchEngine - Found 1 results in 45ms.
2026-01-20 13:55:40.005 [http-nio-8080-exec-26] WARN  OrderController - User tried to checkout with empty cart. User: le_thi_b
2026-01-20 13:58:15.660 [http-nio-8080-exec-27] INFO  PromotionService - Applying coupon 'TET2026' for user: nguyen_van_a
2026-01-20 13:58:15.700 [http-nio-8080-exec-27] DEBUG PromotionService - Coupon valid. Discount: 10%
2026-01-20 14:00:00.000 [main] INFO  AppStarter - --- SYSTEM HEARTBEAT ---
2026-01-20 14:00:00.001 [main] INFO  AppStarter - CPU Load: 12%, Threads: 142, Active Requests: 3
2026-01-20 14:05:10.880 [http-nio-8080-exec-28] ERROR UserAuthService - LDAP Server unreachable: ldap://corp-dir:389
javax.naming.CommunicationException: corp-dir:389
    at java.naming/com.sun.jndi.ldap.Connection.<init>(Connection.java:252)
    at java.naming/com.sun.jndi.ldap.LdapClient.<init>(LdapClient.java:137)
2026-01-20 14:05:11.000 [http-nio-8080-exec-28] INFO  UserAuthService - Falling back to local database authentication.
2026-01-20 14:10:25.330 [http-nio-8080-exec-29] INFO  OrderController - Creating new order for user: hoang_van_d, items: [SKU-777]
2026-01-20 14:10:26.100 [http-nio-8080-exec-29] INFO  PaymentProcessor - Initiating payment via Gateway: ZaloPay
2026-01-20 14:10:26.800 [http-nio-8080-exec-29] INFO  PaymentProcessor - Payment confirmed. TransactionID: ZP-112233
2026-01-20 14:10:27.000 [http-nio-8080-exec-29] INFO  OrderController - Order #ORD-5545 created successfully.
2026-01-20 14:15:00.000 [scheduling-2] INFO  ReportGenerator - Starting hourly analytics sync...
2026-01-20 14:15:02.450 [scheduling-2] DEBUG AnalyticsService - Exporting 150 events to BigQuery.
2026-01-20 14:15:03.900 [scheduling-2] INFO  AnalyticsService - Sync completed successfully.
2026-01-20 14:20:45.110 [http-nio-8080-exec-30] INFO  UserController - User 'le_thi_b' requested password reset.
2026-01-20 14:20:45.500 [http-nio-8080-exec-30] INFO  NotificationService - Reset password link sent to: l***b@gmail.com
2026-01-20 14:25:12.110 [http-nio-8080-exec-31] INFO  ProductService - Searching products with keyword: 'iPhone 15 Pro'
2026-01-20 14:25:12.150 [http-nio-8080-exec-31] INFO  SearchEngine - Found 15 results in 38ms.
2026-01-20 14:30:00.000 [scheduling-1] DEBUG CleanupTask - Running scheduled task: Clean expired sessions
2026-01-20 14:30:00.020 [scheduling-1] INFO  CleanupTask - Removed 5 expired sessions from memory.
2026-01-20 14:35:55.600 [http-nio-8080-exec-32] INFO  OrderController - Creating new order for user: nguyen_van_a, items: [SKU-001]
2026-01-20 14:35:56.200 [http-nio-8080-exec-32] WARN  PaymentProcessor - Gateway timeout on first attempt. Retrying (1/3)...
2026-01-20 14:35:58.100 [http-nio-8080-exec-32] INFO  PaymentProcessor - Payment confirmed after retry. TransactionID: TXN-445566
2026-01-20 14:35:58.300 [http-nio-8080-exec-32] INFO  OrderController - Order #ORD-5546 created successfully.
2026-01-20 14:40:10.005 [main] INFO  AppStarter - Garbage Collection (G1) completed. Reclaimed: 450MB.
2026-01-20 14:45:00.001 [main] INFO  AppStarter - Service health check: UP (Disk: 84%, Mem: 38%)